6811_Y16.asm (4): error: Value in 'anda 500,Y' must be <$100.

Unrecoverable error(s) in pass, aborting assembly!
Complete. (5)
