68908_cbeq_SP16.asm (4): error: Value in 'cbeq (500,SP),backLoop' must be <$100.

Unrecoverable error(s) in pass, aborting assembly!
Complete. (5)
