improper_equ.asm (4): error: Unknown Mnemonic 'IMPROPER_SYMBOL'.

Unrecoverable error(s) in pass, aborting assembly!
Complete. (5)
