unable to open incbinexample1.bin
unable to open incbinexample1.bin
unable to open incbinexample1.bin

Complete. (0)
