negative256.asm (13): error: Value in 'lda #256' must be <$100.

Unrecoverable error(s) in pass, aborting assembly!
Complete. (5)
