--- Unresolved Symbol List
OTHER                    0000 ????         (R )
ME                       0001 ????         (R )
--- 2 Unresolved Symbols



Fatal assembly error: Source is not resolvable.
