error: exp.c:988: recursion > 1000, too deep, aborting

segfault.asm (5): error: Recursion too deep in pushsymbol()

