PC: 0000  MNEMONIC: stab  addrmode: 17  mnemask: 00000078 adrmode: 5  Cvt[am]: 8   Mnext:8   value: 16
PC: 0000  MNEMONIC: stab  addrmode: 17  mnemask: 00000078 adrmode: 5  Cvt[am]: 8   Mnext:8   value: 16

staby2.asm (10): error: Illegal forced Addressing mode on 'stab'.

Fatal assembly error: Source is not resolvable.
