PC: 0000  MNEMONIC: sta  addrmode: 12  mnemask: 000019d8 adrmode: 12  Cvt[am]: 0   Mnext:-1   value: 256
final addrmode = 12, opsize:2 Opsize[12]:1
stawy2.asm (10): error: Value in 'sta (RESP1),y' must be <$100.

Unrecoverable error(s) in pass, aborting assembly!
Complete. (5)
