
supercat.asm (21): error: Origin Reverse-indexed.

