toobigbyte.asm (7): error: Value in 'byte byte 256' must be <$100.

Unrecoverable error(s) in pass, aborting assembly!
Complete. (5)
