
selftest/0_no_assembly.asm (3): error: Processor 'fantasy' not supported.

