
selftest/7_false_positive_fail.asm (3): error: Processor 'fantasy' not supported.

