
selftest/8_false_positive_OK.asm (3): error: Processor 'fantasy' not supported.

